// Jest Snapshot v1, https://goo.gl/fbAQLP

exports[`<JobDetails /> Component tests should render and match the snapshot 1`] = `
<View
  style={
    Object {
      "backgroundColor": "#eeeeee",
      "height": "85%",
    }
  }
>
  <View
    style={
      Object {
        "backgroundColor": "white",
        "borderRadius": 8,
        "flex": 1,
        "margin": 20,
      }
    }
  >
    <RCTScrollView
      style={
        Object {
          "borderRadius": 8,
          "flex": 1,
        }
      }
    >
      <View>
        <View
          style={
            Object {
              "borderRadius": 8,
              "flex": 1,
              "overflow": "hidden",
            }
          }
        >
          <Image
            source={
              Object {
                "uri": "https://imgs.swipejobs.com/js/job-category/construction-1.jpg",
              }
            }
            style={
              Object {
                "height": 150,
              }
            }
          />
          <View
            style={
              Object {
                "marginHorizontal": 10,
                "marginVertical": 10,
              }
            }
          >
            <Text
              style={
                Object {
                  "fontSize": 16,
                  "fontWeight": "bold",
                }
              }
              testID="t"
            >
              Construction General Helper
            </Text>
            <Text
              style={
                Object {
                  "fontSize": 16,
                  "marginTop": 10,
                }
              }
              testID="t"
            >
              Steve Smith Construction
            </Text>
          </View>
          <View
            style={
              Object {
                "backgroundColor": "#44d4ab",
                "flexDirection": "row",
                "justifyContent": "space-between",
                "paddingHorizontal": 10,
                "paddingVertical": 10,
              }
            }
          >
            <View>
              <Text
                style={
                  Object {
                    "fontSize": 10,
                    "fontWeight": "bold",
                  }
                }
                testID="t"
              >
                Distance
              </Text>
              <Text
                style={
                  Object {
                    "color": "#ffffff",
                    "fontSize": 25,
                    "fontWeight": "bold",
                    "marginTop": 5,
                  }
                }
                testID="t"
              >
                3.40 miles
              </Text>
            </View>
            <View>
              <Text
                style={
                  Object {
                    "fontSize": 10,
                    "fontWeight": "bold",
                    "textAlign": "right",
                  }
                }
                testID="t"
              >
                Hourly Rate
              </Text>
              <View
                style={
                  Object {
                    "alignItems": "flex-start",
                    "flexDirection": "row",
                    "marginTop": 5,
                  }
                }
              >
                <Text
                  style={
                    Object {
                      "color": "#ffffff",
                      "fontSize": 16,
                      "fontWeight": "bold",
                      "lineHeight": 30,
                      "textAlign": "right",
                    }
                  }
                  testID="t"
                >
                  $ 
                </Text>
                <Text
                  style={
                    Object {
                      "color": "#ffffff",
                      "fontSize": 25,
                      "fontWeight": "bold",
                      "textAlign": "right",
                    }
                  }
                  testID="t"
                >
                  9.50
                </Text>
              </View>
            </View>
          </View>
          <View
            style={
              Object {
                "alignItems": "center",
                "borderBottomWidth": 1,
                "flexDirection": "row",
                "marginHorizontal": 15,
                "paddingVertical": 10,
              }
            }
          >
            <View>
              <View
                accessible={true}
                focusable={false}
                onClick={[Function]}
                onResponderGrant={[Function]}
                onResponderMove={[Function]}
                onResponderRelease={[Function]}
                onResponderTerminate={[Function]}
                onResponderTerminationRequest={[Function]}
                onStartShouldSetResponder={[Function]}
                style={
                  Object {
                    "opacity": 1,
                  }
                }
              />
            </View>
            <View
              style={
                Object {
                  "marginLeft": 15,
                }
              }
            >
              <Text
                style={
                  Object {
                    "color": "#000000",
                    "fontSize": 16,
                    "fontWeight": "bold",
                  }
                }
                testID="t"
              >
                Shift Dates
              </Text>
              <Text
                style={
                  Object {
                    "color": "#000000",
                    "fontSize": 16,
                  }
                }
                testID="t"
              >
                SEP 05, THU 02:30 AM - 10:30 AM IST
              </Text>
            </View>
          </View>
          <View
            style={
              Object {
                "alignItems": "center",
                "borderBottomWidth": 1,
                "flexDirection": "row",
                "marginHorizontal": 15,
                "paddingVertical": 10,
              }
            }
          >
            <View>
              <View
                accessible={true}
                focusable={false}
                onClick={[Function]}
                onResponderGrant={[Function]}
                onResponderMove={[Function]}
                onResponderRelease={[Function]}
                onResponderTerminate={[Function]}
                onResponderTerminationRequest={[Function]}
                onStartShouldSetResponder={[Function]}
                style={
                  Object {
                    "opacity": 1,
                  }
                }
              />
            </View>
            <View
              style={
                Object {
                  "marginLeft": 15,
                }
              }
            >
              <Text
                style={
                  Object {
                    "color": "#000000",
                    "fontSize": 16,
                    "fontWeight": "bold",
                  }
                }
                testID="t"
              >
                Location
              </Text>
              <Text
                style={
                  Object {
                    "color": "#000000",
                    "fontSize": 16,
                  }
                }
                testID="t"
              >
                430 Smith St, Chicago, IL 60654, USA
              </Text>
              <Text
                style={
                  Object {
                    "color": "#000000",
                    "fontSize": 14,
                    "marginTop": 5,
                  }
                }
                testID="t"
              >
                3.40 miles from your job search location
              </Text>
            </View>
            <View
              style={
                Object {
                  "marginLeft": 10,
                }
              }
            >
              <View
                accessible={true}
                focusable={false}
                onClick={[Function]}
                onResponderGrant={[Function]}
                onResponderMove={[Function]}
                onResponderRelease={[Function]}
                onResponderTerminate={[Function]}
                onResponderTerminationRequest={[Function]}
                onStartShouldSetResponder={[Function]}
                style={
                  Object {
                    "opacity": 1,
                  }
                }
              />
            </View>
          </View>
          <View
            style={
              Object {
                "alignItems": "center",
                "borderBottomWidth": 1,
                "flexDirection": "row",
                "marginHorizontal": 15,
                "paddingVertical": 10,
              }
            }
          >
            <View>
              <View
                accessible={true}
                focusable={false}
                onClick={[Function]}
                onResponderGrant={[Function]}
                onResponderMove={[Function]}
                onResponderRelease={[Function]}
                onResponderTerminate={[Function]}
                onResponderTerminationRequest={[Function]}
                onStartShouldSetResponder={[Function]}
                style={
                  Object {
                    "opacity": 1,
                  }
                }
              />
            </View>
            <View
              style={
                Object {
                  "marginLeft": 15,
                }
              }
            >
              <Text
                style={
                  Object {
                    "color": "#000000",
                    "fontSize": 16,
                    "fontWeight": "bold",
                  }
                }
                testID="t"
              >
                Report To
              </Text>
              <Text
                style={
                  Object {
                    "color": "#000000",
                    "fontSize": 16,
                  }
                }
                testID="t"
              >
                Judy Smith 2130010012
              </Text>
            </View>
          </View>
        </View>
      </View>
    </RCTScrollView>
    <View
      style={
        Object {
          "backgroundColor": "#ffffff",
          "borderBottomLeftRadius": 8,
          "borderBottomRightRadius": 8,
          "flexDirection": "row",
          "justifyContent": "space-between",
          "paddingHorizontal": 10,
          "paddingVertical": 10,
        }
      }
    >
      <View
        style={
          Object {
            "backgroundColor": "transparent",
            "borderColor": "rgba(0, 0, 0, 0.29)",
            "borderRadius": 4,
            "borderStyle": "solid",
            "borderWidth": 0.5,
            "elevation": 0,
            "minWidth": 64,
            "width": "45%",
          }
        }
      >
        <View
          accessibilityRole="button"
          accessibilityState={
            Object {
              "disabled": undefined,
            }
          }
          accessible={true}
          focusable={true}
          onClick={[Function]}
          onResponderGrant={[Function]}
          onResponderMove={[Function]}
          onResponderRelease={[Function]}
          onResponderTerminate={[Function]}
          onResponderTerminationRequest={[Function]}
          onStartShouldSetResponder={[Function]}
          style={
            Array [
              Object {
                "overflow": "hidden",
              },
              Object {
                "borderRadius": 4,
              },
            ]
          }
          testID="no-thanks-button"
        >
          <View
            style={
              Array [
                Object {
                  "alignItems": "center",
                  "flexDirection": "row",
                  "justifyContent": "center",
                },
                Object {
                  "height": 50,
                },
              ]
            }
          >
            <Text
              numberOfLines={1}
              selectable={false}
              style={
                Array [
                  Object {
                    "color": "#000000",
                    "fontFamily": "System",
                    "fontWeight": "400",
                  },
                  Object {
                    "textAlign": "left",
                  },
                  Array [
                    Object {
                      "letterSpacing": 1,
                      "marginHorizontal": 16,
                      "marginVertical": 9,
                      "textAlign": "center",
                    },
                    undefined,
                    false,
                    Object {
                      "color": "#acacac",
                      "fontFamily": "System",
                      "fontWeight": "500",
                    },
                    Object {
                      "fontFamily": "System",
                      "fontWeight": "500",
                    },
                    undefined,
                  ],
                ]
              }
            >
              <Text
                style={
                  Object {
                    "color": "#acacac",
                  }
                }
                testID="t"
              >
                No Thanks
              </Text>
            </Text>
          </View>
        </View>
      </View>
      <View
        style={
          Object {
            "backgroundColor": "#000000",
            "borderColor": "transparent",
            "borderRadius": 4,
            "borderStyle": "solid",
            "borderWidth": 0,
            "elevation": 2,
            "minWidth": 64,
            "shadowColor": "#000000",
            "shadowOffset": Object {
              "height": 0.75,
              "width": 0,
            },
            "shadowOpacity": 0.24,
            "shadowRadius": 1.5,
            "width": "45%",
          }
        }
      >
        <View
          accessibilityRole="button"
          accessibilityState={
            Object {
              "disabled": undefined,
            }
          }
          accessible={true}
          focusable={true}
          onClick={[Function]}
          onResponderGrant={[Function]}
          onResponderMove={[Function]}
          onResponderRelease={[Function]}
          onResponderTerminate={[Function]}
          onResponderTerminationRequest={[Function]}
          onStartShouldSetResponder={[Function]}
          style={
            Array [
              Object {
                "overflow": "hidden",
              },
              Object {
                "borderRadius": 4,
              },
            ]
          }
        >
          <View
            style={
              Array [
                Object {
                  "alignItems": "center",
                  "flexDirection": "row",
                  "justifyContent": "center",
                },
                Object {
                  "height": 50,
                },
              ]
            }
          >
            <Text
              numberOfLines={1}
              selectable={false}
              style={
                Array [
                  Object {
                    "color": "#000000",
                    "fontFamily": "System",
                    "fontWeight": "400",
                  },
                  Object {
                    "textAlign": "left",
                  },
                  Array [
                    Object {
                      "letterSpacing": 1,
                      "marginHorizontal": 16,
                      "marginVertical": 9,
                      "textAlign": "center",
                    },
                    undefined,
                    false,
                    Object {
                      "color": "#ffffff",
                      "fontFamily": "System",
                      "fontWeight": "500",
                    },
                    Object {
                      "fontFamily": "System",
                      "fontWeight": "500",
                    },
                    undefined,
                  ],
                ]
              }
            >
              <Text
                style={
                  Object {
                    "color": "#ffffff",
                  }
                }
                testID="t"
              >
                I'll Take it
              </Text>
            </Text>
          </View>
        </View>
      </View>
    </View>
  </View>
</View>
`;
