// Jest Snapshot v1, https://goo.gl/fbAQLP

exports[`<Button /> Component tests should render and match the button snapshot 1`] = `
<View
  style={
    Object {
      "backgroundColor": "#000000",
      "borderColor": "transparent",
      "borderRadius": 4,
      "borderStyle": "solid",
      "borderWidth": 0,
      "elevation": 2,
      "minWidth": 64,
      "shadowColor": "#000000",
      "shadowOffset": Object {
        "height": 0.75,
        "width": 0,
      },
      "shadowOpacity": 0.24,
      "shadowRadius": 1.5,
      "width": "45%",
    }
  }
>
  <View
    accessibilityRole="button"
    accessibilityState={
      Object {
        "disabled": undefined,
      }
    }
    accessible={true}
    focusable={false}
    onClick={[Function]}
    onResponderGrant={[Function]}
    onResponderMove={[Function]}
    onResponderRelease={[Function]}
    onResponderTerminate={[Function]}
    onResponderTerminationRequest={[Function]}
    onStartShouldSetResponder={[Function]}
    style={
      Array [
        Object {
          "overflow": "hidden",
        },
        Object {
          "borderRadius": 4,
        },
      ]
    }
  >
    <View
      style={
        Array [
          Object {
            "alignItems": "center",
            "flexDirection": "row",
            "justifyContent": "center",
          },
          Object {
            "height": 50,
          },
        ]
      }
    >
      <Text
        numberOfLines={1}
        selectable={false}
        style={
          Array [
            Object {
              "color": "#000000",
              "fontFamily": "System",
              "fontWeight": "400",
            },
            Object {
              "textAlign": "left",
            },
            Array [
              Object {
                "letterSpacing": 1,
                "marginHorizontal": 16,
                "marginVertical": 9,
                "textAlign": "center",
              },
              undefined,
              false,
              Object {
                "color": "#ffffff",
                "fontFamily": "System",
                "fontWeight": "500",
              },
              Object {
                "fontFamily": "System",
                "fontWeight": "500",
              },
              undefined,
            ],
          ]
        }
      >
        <Text
          style={
            Object {
              "color": "#ffffff",
            }
          }
          testID="t"
        >
          
        </Text>
      </Text>
    </View>
  </View>
</View>
`;
