// Jest Snapshot v1, https://goo.gl/fbAQLP

exports[`<ProfileScreen /> Container tests should render and match the ProfileScreen snapshot 1`] = `
<View
  style={
    Object {
      "flex": 1,
    }
  }
>
  <RCTSafeAreaView
    emulateUnlessSupported={true}
    style={
      Array [
        Object {
          "backgroundColor": "#000000",
          "elevation": 4,
          "zIndex": 0,
        },
        Object {
          "shadowColor": "#000000",
          "shadowOffset": Object {
            "height": 3,
            "width": 0,
          },
          "shadowOpacity": 0.24,
          "shadowRadius": 4,
        },
      ]
    }
  >
    <View
      style={
        Object {
          "alignItems": "center",
          "backgroundColor": "#000000",
          "elevation": 0,
          "flexDirection": "row",
          "height": 56,
          "marginTop": 0,
          "paddingHorizontal": 4,
        }
      }
    >
      <View
        style={
          Object {
            "alignItems": "center",
            "flex": 1,
            "flexDirection": "row",
            "marginHorizontal": 10,
          }
        }
      >
        <View
          accessible={true}
          focusable={true}
          onClick={[Function]}
          onResponderGrant={[Function]}
          onResponderMove={[Function]}
          onResponderRelease={[Function]}
          onResponderTerminate={[Function]}
          onResponderTerminationRequest={[Function]}
          onStartShouldSetResponder={[Function]}
          style={
            Object {
              "opacity": 1,
            }
          }
        >
          <View
            accessible={true}
            focusable={false}
            onClick={[Function]}
            onResponderGrant={[Function]}
            onResponderMove={[Function]}
            onResponderRelease={[Function]}
            onResponderTerminate={[Function]}
            onResponderTerminationRequest={[Function]}
            onStartShouldSetResponder={[Function]}
            style={
              Object {
                "opacity": 1,
              }
            }
          />
        </View>
        <Text
          style={
            Array [
              Object {
                "color": "white",
                "flex": 1,
                "fontSize": 20,
                "marginRight": 10,
                "textAlign": "center",
              },
            ]
          }
          testID="t"
        >
          Jim Rose
        </Text>
      </View>
    </View>
  </RCTSafeAreaView>
  <View
    style={
      Object {
        "margin": 20,
      }
    }
  >
    <Text
      style={
        Object {
          "color": "#000000",
          "fontSize": 16,
          "fontWeight": "bold",
        }
      }
      testID="t"
    >
      First Name
    </Text>
    <Text
      style={
        Object {
          "color": "#000000",
          "fontSize": 16,
        }
      }
      testID="t"
    >
      Jim
    </Text>
    <View
      style={
        Object {
          "marginTop": 10,
        }
      }
    >
      <Text
        style={
          Object {
            "color": "#000000",
            "fontSize": 16,
            "fontWeight": "bold",
          }
        }
        testID="t"
      >
        Last Name
      </Text>
      <Text
        style={
          Object {
            "color": "#000000",
            "fontSize": 16,
          }
        }
        testID="t"
      >
        Rose
      </Text>
    </View>
    <View
      style={
        Object {
          "marginTop": 10,
        }
      }
    >
      <Text
        style={
          Object {
            "color": "#000000",
            "fontSize": 16,
            "fontWeight": "bold",
          }
        }
        testID="t"
      >
        Address
      </Text>
      <Text
        style={
          Object {
            "color": "#000000",
            "fontSize": 16,
          }
        }
        testID="t"
      >
        1 Downing St, Chicago, IL 60654, USA
      </Text>
    </View>
    <View
      style={
        Object {
          "marginTop": 10,
        }
      }
    >
      <Text
        style={
          Object {
            "color": "#000000",
            "fontSize": 16,
            "fontWeight": "bold",
          }
        }
        testID="t"
      >
        Job Distance
      </Text>
      <Text
        style={
          Object {
            "color": "#000000",
            "fontSize": 16,
          }
        }
        testID="t"
      >
        20.02 miles
      </Text>
    </View>
    <View
      style={
        Object {
          "marginTop": 10,
        }
      }
    >
      <Text
        style={
          Object {
            "color": "#000000",
            "fontSize": 16,
            "fontWeight": "bold",
          }
        }
        testID="t"
      >
        Phone Number
      </Text>
      <Text
        style={
          Object {
            "color": "#000000",
            "fontSize": 16,
          }
        }
        testID="t"
      >
        5096290220
      </Text>
    </View>
  </View>
</View>
`;
